Запуск тестов защиты от повторных запросов...
Тест 1: Запрос без Idempotency-Key заголовка
✅ Тест пройден: Запрос без Idempotency-Key правильно отклонен
----------------------------
Тест 2: Запрос с некорректным форматом ключа
✅ Тест пройден: Запрос с некорректным форматом ключа правильно отклонен
----------------------------
Тест 3: Успешная обработка запроса с корректным ключом
✅ Тест пройден: Запрос с корректным ключом успешно обработан
Ключ "5667db99-d943-444b-9f3d-cddaa9b282cd" сохранен в Redis
Время жизни ключа: 86400 секунд
----------------------------
Тест 4: Повторный запрос с тем же ключом
✅ Тест пройден: Повторный запрос с тем же ключом правильно отклонен
Сообщение об ошибке: Дублирующий запрос. Запрос с таким Idempotency-Key уже обрабатывается или был обработан
Тестирование защиты от повторных запросов завершено.
